C:\Users\singh\Videos\All My Mistakes [Bsafpgnfe0M].mp3|C:\Users\singh\Videos\Music\All My Mistakes [Bsafpgnfe0M].mp3
C:\Users\singh\Videos\bellyache [Vg18eeEugOQ].mp3|C:\Users\singh\Videos\Music\bellyache [Vg18eeEugOQ].mp3
C:\Users\singh\Videos\body bag [I0pmTih4dms].mp3|C:\Users\singh\Videos\Music\body bag [I0pmTih4dms].mp3
C:\Users\singh\Videos\Dangerous [NP7uIrj6mY4].mp3|C:\Users\singh\Videos\Music\Dangerous [NP7uIrj6mY4].mp3
C:\Users\singh\Videos\desktop.ini|C:\Users\singh\Videos\Others\desktop.ini
C:\Users\singh\Videos\Fanu.mp4|C:\Users\singh\Videos\Videos\Fanu.mp4
C:\Users\singh\Videos\fanu1.mp4|C:\Users\singh\Videos\Videos\fanu1.mp4
C:\Users\singh\Videos\Fanu2.mp4|C:\Users\singh\Videos\Videos\Fanu2.mp4
C:\Users\singh\Videos\Fanu3.mp4|C:\Users\singh\Videos\Videos\Fanu3.mp4
C:\Users\singh\Videos\Fatal Attraction [EmtuUzb5O9w].mp3|C:\Users\singh\Videos\Music\Fatal Attraction [EmtuUzb5O9w].mp3
C:\Users\singh\Videos\FEEL [8aQUsF1AVKk].mp3|C:\Users\singh\Videos\Music\FEEL [8aQUsF1AVKk].mp3
C:\Users\singh\Videos\GIVE ME YOUR LOVE [OMIxmF7mmmQ].mp3|C:\Users\singh\Videos\Music\GIVE ME YOUR LOVE [OMIxmF7mmmQ].mp3
C:\Users\singh\Videos\HAUNTED [vNMHJ5yq9V4].mp3|C:\Users\singh\Videos\Music\HAUNTED [vNMHJ5yq9V4].mp3
C:\Users\singh\Videos\Heartburn [xbNRHevLphw].mp3|C:\Users\singh\Videos\Music\Heartburn [xbNRHevLphw].mp3
C:\Users\singh\Videos\Heaven [7gdqLvzHAHc].mp3|C:\Users\singh\Videos\Music\Heaven [7gdqLvzHAHc].mp3
C:\Users\singh\Videos\Hiding [IK1ZyV9Vq4c].mp3|C:\Users\singh\Videos\Music\Hiding [IK1ZyV9Vq4c].mp3
C:\Users\singh\Videos\IF I HAD YOU... [DwHxOarldFE].mp3|C:\Users\singh\Videos\Music\IF I HAD YOU... [DwHxOarldFE].mp3
C:\Users\singh\Videos\Labrinth - Love Is Complicated (The Angels Sing) [uOjjnMeGfZY].mp3|C:\Users\singh\Videos\Music\Labrinth - Love Is Complicated (The Angels Sing) [uOjjnMeGfZY].mp3
C:\Users\singh\Videos\Let Your Body Fly [dUbnvxB7WtA].mp3|C:\Users\singh\Videos\Music\Let Your Body Fly [dUbnvxB7WtA].mp3
C:\Users\singh\Videos\LIFETIME [q3OLmQ7LrKo].mp3|C:\Users\singh\Videos\Music\LIFETIME [q3OLmQ7LrKo].mp3
C:\Users\singh\Videos\like that [h-ttM62thcs].mp3|C:\Users\singh\Videos\Music\like that [h-ttM62thcs].mp3
C:\Users\singh\Videos\look what you've done to me - slowed + reverb [jdB76ELVZZo].mp3|C:\Users\singh\Videos\Music\look what you've done to me - slowed + reverb [jdB76ELVZZo].mp3
C:\Users\singh\Videos\Lose Myself [gdGYYgsVbR0].mp3|C:\Users\singh\Videos\Music\Lose Myself [gdGYYgsVbR0].mp3
C:\Users\singh\Videos\Marilyn Monroe [m_Wh_JhJ1pg].mp3|C:\Users\singh\Videos\Music\Marilyn Monroe [m_Wh_JhJ1pg].mp3
C:\Users\singh\Videos\Me And U [NrOy34oMH_E].mp3|C:\Users\singh\Videos\Music\Me And U [NrOy34oMH_E].mp3
C:\Users\singh\Videos\Moon [lsTtDR7yQVY].mp3|C:\Users\singh\Videos\Music\Moon [lsTtDR7yQVY].mp3
C:\Users\singh\Videos\Mr. Sandman [Whn08lQQXVA].mp3|C:\Users\singh\Videos\Music\Mr. Sandman [Whn08lQQXVA].mp3
C:\Users\singh\Videos\My Name (Sped up) [KVHM7QtIcgM].mp3|C:\Users\singh\Videos\Music\My Name (Sped up) [KVHM7QtIcgM].mp3
C:\Users\singh\Videos\papa.webm|C:\Users\singh\Videos\Others\papa.webm
C:\Users\singh\Videos\pay for you [6fQ2h02KTds].mp3|C:\Users\singh\Videos\Music\pay for you [6fQ2h02KTds].mp3
C:\Users\singh\Videos\rosa3.mp4|C:\Users\singh\Videos\Videos\rosa3.mp4
C:\Users\singh\Videos\say my name [i_hrfmmNLv8].mp3|C:\Users\singh\Videos\Music\say my name [i_hrfmmNLv8].mp3
C:\Users\singh\Videos\Say Yes To Heaven [6ksOgOnX8q4].mp3|C:\Users\singh\Videos\Music\Say Yes To Heaven [6ksOgOnX8q4].mp3
C:\Users\singh\Videos\Stay (sped up) [ElfyeG8TDnc].mp3|C:\Users\singh\Videos\Music\Stay (sped up) [ElfyeG8TDnc].mp3
C:\Users\singh\Videos\Summertime [59iNbYd9XPU].mp3|C:\Users\singh\Videos\Music\Summertime [59iNbYd9XPU].mp3
C:\Users\singh\Videos\Sun [yLbZ7xq6DBM].mp3|C:\Users\singh\Videos\Music\Sun [yLbZ7xq6DBM].mp3
C:\Users\singh\Videos\THE CASTLE [-gYe9Cqtg84].mp3|C:\Users\singh\Videos\Music\THE CASTLE [-gYe9Cqtg84].mp3
C:\Users\singh\Videos\Thinking outload.mp4|C:\Users\singh\Videos\Videos\Thinking outload.mp4
C:\Users\singh\Videos\This Must Be Love [UVKyzawwggI].mp3|C:\Users\singh\Videos\Music\This Must Be Love [UVKyzawwggI].mp3
C:\Users\singh\Videos\we've been loving in silence [t4Q9CL2ROlo].mp3|C:\Users\singh\Videos\Music\we've been loving in silence [t4Q9CL2ROlo].mp3
C:\Users\singh\Videos\When I Dream Of You [IwoZsNRByXY].mp3|C:\Users\singh\Videos\Music\When I Dream Of You [IwoZsNRByXY].mp3
C:\Users\singh\Videos\Winter [_6xVns_LO3w].mp3|C:\Users\singh\Videos\Music\Winter [_6xVns_LO3w].mp3
C:\Users\singh\Videos\Woman [QAzgmflIme4].mp3|C:\Users\singh\Videos\Music\Woman [QAzgmflIme4].mp3
